
DevTools listening on ws://127.0.0.1:49679/devtools/browser/3b53a421-b980-47a6-8144-e89418f5fed2
[13680:22604:0929/182845.358:ERROR:google_apis\gcm\engine\registration_request.cc:291] Registration response error message: PHONE_REGISTRATION_ERROR
[13680:22604:0929/182845.377:ERROR:google_apis\gcm\engine\registration_request.cc:291] Registration response error message: PHONE_REGISTRATION_ERROR
Created TensorFlow Lite XNNPACK delegate for CPU.
[13680:18388:0929/182900.039:ERROR:chrome\updater\ipc\update_service_dialer_win.cc:75] Failed to open named pipe server process 26012: Отказано в доступе. (0x5)
[13680:27440:0929/182900.143:ERROR:chrome\updater\ipc\update_service_dialer_win.cc:75] Failed to open named pipe server process 25732: Отказано в доступе. (0x5)
[13680:18388:0929/182900.247:ERROR:chrome\updater\ipc\update_service_dialer_win.cc:75] Failed to open named pipe server process 29108: Отказано в доступе. (0x5)
[13680:27440:0929/182900.335:ERROR:chrome\updater\ipc\update_service_dialer_win.cc:75] Failed to open named pipe server process 11552: Отказано в доступе. (0x5)
[13680:18388:0929/182900.424:ERROR:chrome\updater\ipc\update_service_dialer_win.cc:75] Failed to open named pipe server process 29288: Отказано в доступе. (0x5)
[13680:27440:0929/182900.519:ERROR:chrome\updater\ipc\update_service_dialer_win.cc:75] Failed to open named pipe server process 24608: Отказано в доступе. (0x5)
[13680:22604:0929/182909.879:ERROR:google_apis\gcm\engine\registration_request.cc:291] Registration response error message: DEPRECATED_ENDPOINT

DevTools listening on ws://127.0.0.1:54900/devtools/browser/77c0488f-5daa-4b63-b042-298d0962e77d
[29616:28392:0929/182922.224:ERROR:google_apis\gcm\engine\registration_request.cc:291] Registration response error message: PHONE_REGISTRATION_ERROR
[29616:28392:0929/182922.224:ERROR:google_apis\gcm\engine\registration_request.cc:291] Registration response error message: PHONE_REGISTRATION_ERROR
[29616:28392:0929/182922.224:ERROR:google_apis\gcm\engine\registration_request.cc:291] Registration response error message: PHONE_REGISTRATION_ERROR
[29616:28392:0929/182922.699:ERROR:google_apis\gcm\engine\mcs_client.cc:702]   Error code: 401  Error message: Authentication Failed: wrong_secret
[29616:28392:0929/182922.699:ERROR:google_apis\gcm\engine\mcs_client.cc:704] Failed to log in to GCM, resetting connection.
Created TensorFlow Lite XNNPACK delegate for CPU.
[29616:22884:0929/182937.859:ERROR:chrome\updater\ipc\update_service_dialer_win.cc:75] Failed to open named pipe server process 24984: Отказано в доступе. (0x5)
[29616:1360:0929/182939.971:ERROR:chrome\updater\ipc\update_service_dialer_win.cc:75] Failed to open named pipe server process 25252: Отказано в доступе. (0x5)
[29616:22884:0929/182940.078:ERROR:chrome\updater\ipc\update_service_dialer_win.cc:75] Failed to open named pipe server process 14932: Отказано в доступе. (0x5)
[29616:1360:0929/182940.177:ERROR:chrome\updater\ipc\update_service_dialer_win.cc:75] Failed to open named pipe server process 28688: Отказано в доступе. (0x5)
[29616:22884:0929/182940.284:ERROR:chrome\updater\ipc\update_service_dialer_win.cc:75] Failed to open named pipe server process 18520: Отказано в доступе. (0x5)
[29616:1360:0929/182942.383:ERROR:chrome\updater\ipc\update_service_dialer_win.cc:75] Failed to open named pipe server process 13168: Отказано в доступе. (0x5)
[29616:28392:0929/182947.507:ERROR:google_apis\gcm\engine\registration_request.cc:291] Registration response error message: DEPRECATED_ENDPOINT

DevTools listening on ws://127.0.0.1:53404/devtools/browser/a5956cfd-291a-46b5-90ba-6d18e25f856a
[14224:22748:0929/182958.172:ERROR:google_apis\gcm\engine\registration_request.cc:291] Registration response error message: PHONE_REGISTRATION_ERROR
Created TensorFlow Lite XNNPACK delegate for CPU.
[14224:12652:0929/183013.340:ERROR:chrome\updater\ipc\update_service_dialer_win.cc:75] Failed to open named pipe server process 28512: Отказано в доступе. (0x5)
[14224:28556:0929/183013.342:ERROR:chrome\updater\ipc\update_service_dialer_win.cc:75] Failed to open named pipe server process 28512: Отказано в доступе. (0x5)
[14224:12652:0929/183015.443:ERROR:chrome\updater\ipc\update_service_dialer_win.cc:75] Failed to open named pipe server process 20604: Отказано в доступе. (0x5)
[14224:28556:0929/183017.565:ERROR:chrome\updater\ipc\update_service_dialer_win.cc:75] Failed to open named pipe server process 15768: Отказано в доступе. (0x5)
[14224:12652:0929/183019.667:ERROR:chrome\updater\ipc\update_service_dialer_win.cc:75] Failed to open named pipe server process 25744: Отказано в доступе. (0x5)
[14224:22748:0929/183020.974:ERROR:google_apis\gcm\engine\registration_request.cc:291] Registration response error message: DEPRECATED_ENDPOINT
[14224:28556:0929/183021.758:ERROR:chrome\updater\ipc\update_service_dialer_win.cc:75] Failed to open named pipe server process 28968: Отказано в доступе. (0x5)

DevTools listening on ws://127.0.0.1:57879/devtools/browser/523d23b0-f5c1-4434-9a5b-a2a8168b1512
[21308:22524:0929/183033.403:ERROR:google_apis\gcm\engine\registration_request.cc:291] Registration response error message: PHONE_REGISTRATION_ERROR
[21308:22524:0929/183033.405:ERROR:google_apis\gcm\engine\registration_request.cc:291] Registration response error message: PHONE_REGISTRATION_ERROR
[21308:22524:0929/183033.411:ERROR:google_apis\gcm\engine\registration_request.cc:291] Registration response error message: PHONE_REGISTRATION_ERROR
[21308:22524:0929/183033.828:ERROR:google_apis\gcm\engine\mcs_client.cc:702]   Error code: 401  Error message: Authentication Failed: wrong_secret
[21308:22524:0929/183033.828:ERROR:google_apis\gcm\engine\mcs_client.cc:704] Failed to log in to GCM, resetting connection.
Created TensorFlow Lite XNNPACK delegate for CPU.
[21308:25064:0929/183048.852:ERROR:chrome\updater\ipc\update_service_dialer_win.cc:75] Failed to open named pipe server process 19796: Отказано в доступе. (0x5)
[21308:25016:0929/183050.957:ERROR:chrome\updater\ipc\update_service_dialer_win.cc:75] Failed to open named pipe server process 7148: Отказано в доступе. (0x5)
[21308:25064:0929/183053.067:ERROR:chrome\updater\ipc\update_service_dialer_win.cc:75] Failed to open named pipe server process 22424: Отказано в доступе. (0x5)
[21308:25016:0929/183053.152:ERROR:chrome\updater\ipc\update_service_dialer_win.cc:75] Failed to open named pipe server process 14088: Отказано в доступе. (0x5)
[21308:25064:0929/183053.246:ERROR:chrome\updater\ipc\update_service_dialer_win.cc:75] Failed to open named pipe server process 29560: Отказано в доступе. (0x5)
[21308:27112:0929/183053.350:ERROR:chrome\updater\ipc\update_service_dialer_win.cc:75] Failed to open named pipe server process 13920: Отказано в доступе. (0x5)
[21308:22524:0929/183053.902:ERROR:google_apis\gcm\engine\registration_request.cc:291] Registration response error message: DEPRECATED_ENDPOINT
